WARNING: Skipping mount /etc/localtime [binds]: /etc/localtime doesn't exist in container
>>>>> Start Test Output
============================= test session starts ==============================
platform linux -- Python 3.10.12, pytest-9.1.1, pluggy-1.6.0 -- /opt/benchmark/mlcommons-venv/bin/python3.10
cachedir: .pytest_cache
hypothesis profile 'default'
rootdir: /tests/tests
plugins: typeguard-4.5.2, hypothesis-6.155.7
collecting ... collected 8 items

../tests/tests/test_librosa_api_compatibility.py::TestPatchFileExists::test_patch_file_exists PASSED [ 12%]
../tests/tests/test_librosa_api_compatibility.py::TestLibrosaFiltersMel::test_fixed_mel_pattern_present PASSED [ 25%]
../tests/tests/test_librosa_api_compatibility.py::TestLibrosaCoreResample::test_fixed_resample_pattern_present PASSED [ 37%]
../tests/tests/test_librosa_api_compatibility.py::TestLibrosaEffectsTrim::test_fixed_trim_pattern_present PASSED [ 50%]
../tests/tests/test_librosa_api_compatibility.py::TestTorchSTFT::test_fixed_stft_return_complex_present FAILED [ 62%]
../tests/tests/test_librosa_api_compatibility.py::TestTorchSTFT::test_fixed_view_as_real_present FAILED [ 75%]
../tests/tests/test_librosa_api_compatibility.py::TestNumpyArrayDtypeObject::test_fixed_numpy_dtype_present FAILED [ 87%]
../tests/tests/test_librosa_api_compatibility.py::TestContextManagerPattern::test_fixed_context_manager_present FAILED [100%]

=================================== FAILURES ===================================
_____________ TestTorchSTFT.test_fixed_stft_return_complex_present _____________

self = <test_librosa_api_compatibility.TestTorchSTFT object at 0x7f37475e9000>
patch_content = '# *******************************************************************************\n# Copyright 2021-2023 Arm Limited ...       else:\n+            x = x.pow(2).sum(-1)\n\n         if self.dither > 0 and self.use_deterministic_dithering:\n'

    def test_fixed_stft_return_complex_present(self, patch_content):
        """Test that torch.stft with return_complex=True is present."""
        fixed_pattern = "+                       center=True, window=self.window.to(dtype=torch.float), return_complex = True)"
>       assert fixed_pattern in patch_content, \
            f"Fixed pattern with return_complex=True not found in patch file - torch.stft should use return_complex=True"
E       AssertionError: Fixed pattern with return_complex=True not found in patch file - torch.stft should use return_complex=True
E       assert '+                       center=True, window=self.window.to(dtype=torch.float), return_complex = True)' in '# *******************************************************************************\n# Copyright 2021-2023 Arm Limited and affiliates.\n# SPDX-License-Identifier: Apache-2.0\n#\n# Licensed under the Apache License, Version 2.0 (the "License");\n# you may not use this file except in compliance with the License.\n# You may obtain a copy of the License at\n#\n#     http://www.apache.org/licenses/LICENSE-2.0\n#\n# Unless required by applicable law or agreed to in writing, software\n# distributed under the License is distributed on an "AS IS" BASIS,\n# WITHOUT WARRANTIES OR CONDITIONS OF ANY KIND, either express or implied.\n# See the License for the specific language governing permissions and\n# limitations under the License.\n# *******************************************************************************\n#\n# This patch file includes commit 077f823ece09e37d9d40540d8acd504bf138e880\n# from the MLCommons inference repository, and further additions to make\n# the shell scripts suitable for building and running on AArch64 systems\n# without Conda installed.\n#\n# *******************************************************************************\ndiff --git a/speech_recognition/rnnt/READM...torch/parts/features.py b/speech_recognition/rnnt/pytorch/parts/features.py\n--- a/speech_recognition/rnnt/pytorch/parts/features.py\n+++ b/speech_recognition/rnnt/pytorch/parts/features.py\n@@ -122,8 +122,8 @@ class FilterbankFeatures(nn.Module):\n         window_fn = torch_windows.get(window, None)\n         window_tensor = window_fn(self.win_length,\n                                   periodic=False) if window_fn else None\n         filterbanks = torch.tensor(\n-            librosa.filters.mel(sample_rate, self.n_fft, n_mels=nfilt, fmin=lowfreq,\n+            librosa.filters.mel(sr=sample_rate, n_fft=self.n_fft, n_mels=nfilt, fmin=lowfreq,\n                                 fmax=highfreq), dtype=torch.float).unsqueeze(0)\n         # self.fb = filterbanks\n         # self.window = window_tensor\n@@ -165,7 +165,10 @@ class FilterbankFeatures(nn.Module):\n                        center=True, window=self.window.to(dtype=torch.float))\n\n         # get power spectrum\n-        x = x.pow(2).sum(-1)\n+        if torch.is_complex(x):\n+            x = x.abs().pow(2)\n+        else:\n+            x = x.pow(2).sum(-1)\n\n         if self.dither > 0 and self.use_deterministic_dithering:\n'

/tests/tests/test_librosa_api_compatibility.py:96: AssertionError
________________ TestTorchSTFT.test_fixed_view_as_real_present _________________

self = <test_librosa_api_compatibility.TestTorchSTFT object at 0x7f37475ebdc0>
patch_content = '# *******************************************************************************\n# Copyright 2021-2023 Arm Limited ...       else:\n+            x = x.pow(2).sum(-1)\n\n         if self.dither > 0 and self.use_deterministic_dithering:\n'

    def test_fixed_view_as_real_present(self, patch_content):
        """Test that torch.view_as_real() is present after stft."""
        fixed_pattern = "+        x = torch.view_as_real(x)"
>       assert fixed_pattern in patch_content, \
            f"Fixed pattern 'torch.view_as_real(x)' not found in patch file - should convert complex STFT output to real"
E       AssertionError: Fixed pattern 'torch.view_as_real(x)' not found in patch file - should convert complex STFT output to real
E       assert '+        x = torch.view_as_real(x)' in '# *******************************************************************************\n# Copyright 2021-2023 Arm Limited and affiliates.\n# SPDX-License-Identifier: Apache-2.0\n#\n# Licensed under the Apache License, Version 2.0 (the "License");\n# you may not use this file except in compliance with the License.\n# You may obtain a copy of the License at\n#\n#     http://www.apache.org/licenses/LICENSE-2.0\n#\n# Unless required by applicable law or agreed to in writing, software\n# distributed under the License is distributed on an "AS IS" BASIS,\n# WITHOUT WARRANTIES OR CONDITIONS OF ANY KIND, either express or implied.\n# See the License for the specific language governing permissions and\n# limitations under the License.\n# *******************************************************************************\n#\n# This patch file includes commit 077f823ece09e37d9d40540d8acd504bf138e880\n# from the MLCommons inference repository, and further additions to make\n# the shell scripts suitable for building and running on AArch64 systems\n# without Conda installed.\n#\n# *******************************************************************************\ndiff --git a/speech_recognition/rnnt/READM...torch/parts/features.py b/speech_recognition/rnnt/pytorch/parts/features.py\n--- a/speech_recognition/rnnt/pytorch/parts/features.py\n+++ b/speech_recognition/rnnt/pytorch/parts/features.py\n@@ -122,8 +122,8 @@ class FilterbankFeatures(nn.Module):\n         window_fn = torch_windows.get(window, None)\n         window_tensor = window_fn(self.win_length,\n                                   periodic=False) if window_fn else None\n         filterbanks = torch.tensor(\n-            librosa.filters.mel(sample_rate, self.n_fft, n_mels=nfilt, fmin=lowfreq,\n+            librosa.filters.mel(sr=sample_rate, n_fft=self.n_fft, n_mels=nfilt, fmin=lowfreq,\n                                 fmax=highfreq), dtype=torch.float).unsqueeze(0)\n         # self.fb = filterbanks\n         # self.window = window_tensor\n@@ -165,7 +165,10 @@ class FilterbankFeatures(nn.Module):\n                        center=True, window=self.window.to(dtype=torch.float))\n\n         # get power spectrum\n-        x = x.pow(2).sum(-1)\n+        if torch.is_complex(x):\n+            x = x.abs().pow(2)\n+        else:\n+            x = x.pow(2).sum(-1)\n\n         if self.dither > 0 and self.use_deterministic_dithering:\n'

/tests/tests/test_librosa_api_compatibility.py:102: AssertionError
___________ TestNumpyArrayDtypeObject.test_fixed_numpy_dtype_present ___________

self = <test_librosa_api_compatibility.TestNumpyArrayDtypeObject object at 0x7f37475eafb0>
patch_content = '# *******************************************************************************\n# Copyright 2021-2023 Arm Limited ...       else:\n+            x = x.pow(2).sum(-1)\n\n         if self.dither > 0 and self.use_deterministic_dithering:\n'

    def test_fixed_numpy_dtype_present(self, patch_content):
        """Test that np.array with dtype=object is present."""
        fixed_pattern = "+        self.label_list = np.array(self.label_list, dtype=object)"
>       assert fixed_pattern in patch_content, \
            f"Fixed pattern with dtype=object not found in patch file - np.array should use dtype=object"
E       AssertionError: Fixed pattern with dtype=object not found in patch file - np.array should use dtype=object
E       assert '+        self.label_list = np.array(self.label_list, dtype=object)' in '# *******************************************************************************\n# Copyright 2021-2023 Arm Limited and affiliates.\n# SPDX-License-Identifier: Apache-2.0\n#\n# Licensed under the Apache License, Version 2.0 (the "License");\n# you may not use this file except in compliance with the License.\n# You may obtain a copy of the License at\n#\n#     http://www.apache.org/licenses/LICENSE-2.0\n#\n# Unless required by applicable law or agreed to in writing, software\n# distributed under the License is distributed on an "AS IS" BASIS,\n# WITHOUT WARRANTIES OR CONDITIONS OF ANY KIND, either express or implied.\n# See the License for the specific language governing permissions and\n# limitations under the License.\n# *******************************************************************************\n#\n# This patch file includes commit 077f823ece09e37d9d40540d8acd504bf138e880\n# from the MLCommons inference repository, and further additions to make\n# the shell scripts suitable for building and running on AArch64 systems\n# without Conda installed.\n#\n# *******************************************************************************\ndiff --git a/speech_recognition/rnnt/READM...torch/parts/features.py b/speech_recognition/rnnt/pytorch/parts/features.py\n--- a/speech_recognition/rnnt/pytorch/parts/features.py\n+++ b/speech_recognition/rnnt/pytorch/parts/features.py\n@@ -122,8 +122,8 @@ class FilterbankFeatures(nn.Module):\n         window_fn = torch_windows.get(window, None)\n         window_tensor = window_fn(self.win_length,\n                                   periodic=False) if window_fn else None\n         filterbanks = torch.tensor(\n-            librosa.filters.mel(sample_rate, self.n_fft, n_mels=nfilt, fmin=lowfreq,\n+            librosa.filters.mel(sr=sample_rate, n_fft=self.n_fft, n_mels=nfilt, fmin=lowfreq,\n                                 fmax=highfreq), dtype=torch.float).unsqueeze(0)\n         # self.fb = filterbanks\n         # self.window = window_tensor\n@@ -165,7 +165,10 @@ class FilterbankFeatures(nn.Module):\n                        center=True, window=self.window.to(dtype=torch.float))\n\n         # get power spectrum\n-        x = x.pow(2).sum(-1)\n+        if torch.is_complex(x):\n+            x = x.abs().pow(2)\n+        else:\n+            x = x.pow(2).sum(-1)\n\n         if self.dither > 0 and self.use_deterministic_dithering:\n'

/tests/tests/test_librosa_api_compatibility.py:119: AssertionError
_________ TestContextManagerPattern.test_fixed_context_manager_present _________

self = <test_librosa_api_compatibility.TestContextManagerPattern object at 0x7f3747a55750>
patch_content = '# *******************************************************************************\n# Copyright 2021-2023 Arm Limited ...       else:\n+            x = x.pow(2).sum(-1)\n\n         if self.dither > 0 and self.use_deterministic_dithering:\n'

    def test_fixed_context_manager_present(self, patch_content):
        """Test that 'with torch.no_grad():' context manager pattern is present."""
        fixed_pattern = "+        with torch.no_grad():"
>       assert fixed_pattern in patch_content, \
            f"Fixed pattern 'with torch.no_grad():' not found in patch file - should use context manager instead of decorator"
E       AssertionError: Fixed pattern 'with torch.no_grad():' not found in patch file - should use context manager instead of decorator
E       assert '+        with torch.no_grad():' in '# *******************************************************************************\n# Copyright 2021-2023 Arm Limited and affiliates.\n# SPDX-License-Identifier: Apache-2.0\n#\n# Licensed under the Apache License, Version 2.0 (the "License");\n# you may not use this file except in compliance with the License.\n# You may obtain a copy of the License at\n#\n#     http://www.apache.org/licenses/LICENSE-2.0\n#\n# Unless required by applicable law or agreed to in writing, software\n# distributed under the License is distributed on an "AS IS" BASIS,\n# WITHOUT WARRANTIES OR CONDITIONS OF ANY KIND, either express or implied.\n# See the License for the specific language governing permissions and\n# limitations under the License.\n# *******************************************************************************\n#\n# This patch file includes commit 077f823ece09e37d9d40540d8acd504bf138e880\n# from the MLCommons inference repository, and further additions to make\n# the shell scripts suitable for building and running on AArch64 systems\n# without Conda installed.\n#\n# *******************************************************************************\ndiff --git a/speech_recognition/rnnt/READM...torch/parts/features.py b/speech_recognition/rnnt/pytorch/parts/features.py\n--- a/speech_recognition/rnnt/pytorch/parts/features.py\n+++ b/speech_recognition/rnnt/pytorch/parts/features.py\n@@ -122,8 +122,8 @@ class FilterbankFeatures(nn.Module):\n         window_fn = torch_windows.get(window, None)\n         window_tensor = window_fn(self.win_length,\n                                   periodic=False) if window_fn else None\n         filterbanks = torch.tensor(\n-            librosa.filters.mel(sample_rate, self.n_fft, n_mels=nfilt, fmin=lowfreq,\n+            librosa.filters.mel(sr=sample_rate, n_fft=self.n_fft, n_mels=nfilt, fmin=lowfreq,\n                                 fmax=highfreq), dtype=torch.float).unsqueeze(0)\n         # self.fb = filterbanks\n         # self.window = window_tensor\n@@ -165,7 +165,10 @@ class FilterbankFeatures(nn.Module):\n                        center=True, window=self.window.to(dtype=torch.float))\n\n         # get power spectrum\n-        x = x.pow(2).sum(-1)\n+        if torch.is_complex(x):\n+            x = x.abs().pow(2)\n+        else:\n+            x = x.pow(2).sum(-1)\n\n         if self.dither > 0 and self.use_deterministic_dithering:\n'

/tests/tests/test_librosa_api_compatibility.py:136: AssertionError
=========================== short test summary info ============================
FAILED ../tests/tests/test_librosa_api_compatibility.py::TestTorchSTFT::test_fixed_stft_return_complex_present
FAILED ../tests/tests/test_librosa_api_compatibility.py::TestTorchSTFT::test_fixed_view_as_real_present
FAILED ../tests/tests/test_librosa_api_compatibility.py::TestNumpyArrayDtypeObject::test_fixed_numpy_dtype_present
FAILED ../tests/tests/test_librosa_api_compatibility.py::TestContextManagerPattern::test_fixed_context_manager_present
========================= 4 failed, 4 passed in 0.43s ==========================
>>>>> End Test Output
OPENENV_EXIT_CODE=1
