>>>>> Start Test Output
============================= test session starts ==============================
platform linux -- Python 3.11.15, pytest-9.1.1, pluggy-1.6.0 -- /opt/benchmark/venv/bin/python3
cachedir: .pytest_cache
rootdir: /tests/tests
plugins: xdist-3.8.0, anyio-4.14.0, timeout-2.4.0
collecting ... collected 14 items

../tests/tests/test_lora_conversion.py::TestKohyaFluxLoRAConversion::test_convert_kohya_function_exists PASSED [  7%]
../tests/tests/test_lora_conversion.py::TestKohyaFluxLoRAConversion::test_convert_kohya_basic_conversion FAILED [ 14%]
../tests/tests/test_lora_conversion.py::TestKohyaFluxLoRAConversion::test_convert_kohya_alpha_scaling FAILED [ 21%]
../tests/tests/test_lora_conversion.py::TestKohyaFluxLoRAConversion::test_convert_kohya_multiple_layers FAILED [ 28%]
../tests/tests/test_lora_conversion.py::TestKohyaFluxLoRAConversion::test_convert_kohya_qkv_cat_conversion FAILED [ 35%]
../tests/tests/test_lora_conversion.py::TestKohyaFluxLoRAConversion::test_convert_kohya_double_blocks_img_mlp FAILED [ 42%]
../tests/tests/test_lora_conversion.py::TestXLabsFluxLoRAConversion::test_convert_xlabs_function_exists PASSED [ 50%]
../tests/tests/test_lora_conversion.py::TestXLabsFluxLoRAConversion::test_convert_xlabs_basic_conversion FAILED [ 57%]
../tests/tests/test_lora_conversion.py::TestXLabsFluxLoRAConversion::test_convert_xlabs_qkv_lora2_conversion FAILED [ 64%]
../tests/tests/test_lora_conversion.py::TestXLabsFluxLoRAConversion::test_convert_xlabs_no_alpha PASSED [ 71%]
../tests/tests/test_lora_conversion.py::TestXLabsFluxLoRAConversion::test_convert_xlabs_empty_dict PASSED [ 78%]
../tests/tests/test_lora_conversion.py::TestIntegrationWithFluxLoraLoader::test_kohya_detection_in_state_dict PASSED [ 85%]
../tests/tests/test_lora_conversion.py::TestIntegrationWithFluxLoraLoader::test_xlabs_detection_in_state_dict PASSED [ 92%]
../tests/tests/test_lora_conversion.py::TestIntegrationWithFluxLoraLoader::test_non_diffusers_not_detected_as_kohya_or_xlabs PASSED [100%]

=================================== FAILURES ===================================
_______ TestKohyaFluxLoRAConversion.test_convert_kohya_basic_conversion ________
/tests/tests/test_lora_conversion.py:52: in test_convert_kohya_basic_conversion
    assert "transformer.transformer_blocks.0.attn.to_out.0.lora_A.weight" in converted
E   AssertionError: assert 'transformer.transformer_blocks.0.attn.to_out.0.lora_A.weight' in ({'transformer.lora_unet_double_blocks_0_img_attn_proj.processor.proj_lora.down.weight': tensor([[-0.3946, -0.5805,  0.4391,  ...,  0.1954,  0.9099, -0.2793],\n        [ 0.5450, -0.0682,  0.2324,  ...,  0.9481,  0.6029, -0.2036],\n        [ 0.1816,  0.2918,  1.0182,  ...,  0.2079, -0.1787,  0.5360],\n        ...,\n        [ 1.0918,  0.1715, -1.0626,  ...,  0.0859, -0.8451, -0.7752],\n        [-0.0934, -0.6687,  0.0657,  ...,  0.2537,  0.4636, -0.4550],\n        [-0.2944, -0.4980, -0.4597,  ..., -0.2440, -0.6484, -0.2224]]), 'transformer.lora_unet_double_blocks_0_img_attn_proj.processor.proj_lora.up.weight': tensor([[ 1.2843,  0.2130, -0.4540,  ..., -0.0976,  0.4492, -0.0905],\n        [ 1.3041, -0.1098,  0.3935,  ...,  1.2649,  0.1163,  1.2879],\n        [ 0.6193, -0.5576, -2.8765,  ...,  0.4435,  2.2697, -0.1578],\n        ...,\n        [-1.0301,  0.1321,  0.2613,  ..., -0.1809,  0.9935, -1.5684],\n        [-1.4485, -1.2936, -0.1516,  ..., -0.5206, -0.4798,  0.2077],\n        [-0.3756, -1.4249, -0.7970,  ..., -0.2578,  0.7242, -1.4004]])}, {'transformer.lora_unet_double_blocks_0_img_attn_proj.processor.proj_lora.alpha': 8.0})
_________ TestKohyaFluxLoRAConversion.test_convert_kohya_alpha_scaling _________
/tests/tests/test_lora_conversion.py:88: in test_convert_kohya_alpha_scaling
    converted["transformer.transformer_blocks.0.attn.to_out.0.lora_A.weight"],
    ^^^^^^^^^^^^^^^^^^^^^^^^^^^^^^^^^^^^^^^^^^^^^^^^^^^^^^^^^^^^^^^^^^^^^^^^^
E   TypeError: tuple indices must be integers or slices, not str
________ TestKohyaFluxLoRAConversion.test_convert_kohya_multiple_layers ________
/tests/tests/test_lora_conversion.py:112: in test_convert_kohya_multiple_layers
    assert f"transformer.transformer_blocks.{i}.attn.to_out.0.lora_A.weight" in converted
E   AssertionError: assert 'transformer.transformer_blocks.0.attn.to_out.0.lora_A.weight' in ({'transformer.lora_unet_double_blocks_0_img_attn_proj.processor.proj_lora.down.weight': tensor([[-0.0718, -0.7235,  0.6560,  ...,  0.0979,  0.0171,  0.1402],\n        [ 0.0258, -0.4143, -0.1887,  ..., -0.1639,  0.8862,  0.1986],\n        [-0.1109, -0.5953,  0.6208,  ...,  0.5285,  0.1329,  0.0285],\n        ...,\n        [ 0.2331,  0.1357,  0.0672,  ...,  0.3324,  0.5190, -0.0548],\n        [ 1.0431,  0.3147,  0.0223,  ..., -0.2629, -0.0137,  0.3721],\n        [ 0.3383,  0.9079, -0.3938,  ..., -0.1572, -0.4005, -0.7691]]), 'transformer.lora_unet_double_blocks_0_img_attn_proj.processor.proj_lora.up.weight': tensor([[-1.0080e+00, -1.0569e+00,  8.9194e-02,  ..., -8.8580e-01,\n         -9.1481e-04, -1.6153e+00],\n        [-2.6008e-01, -6.2767e-01,  1.2137e-01,  ...,  1.7833e+00,\n         -3.6303e-01, -6.9035e-01],\n        [-9.5696e-01, -1.2159e+00, -8.6060e-01,  ..., -4.1874e-01,\n         -1.1630e+00, -1.8879e-01],\n        ...,\n        [-1.7072e+00, -1.4362e+00, -5.3005e-01,  ..., -2.8433e-01,\n          2.0584e-01,  1.9277e+00],\n        [-6.7702e-01,  1.0335e+00, -7.6339e-01,  ..., -2.0443e-01,\n         -1.2605e+00, -1.5208e+00],\n        [-1.2737e+00, -4.1324e-01, -1.1070e+00,  ..., -2.6325...2731, -0.5390,  ...,  0.0130, -0.0854,  0.3419],\n        [ 0.1826,  0.0229, -0.0535,  ...,  0.9684, -0.0782, -0.1579],\n        [-0.3361,  0.0415, -0.2729,  ..., -1.1895, -0.2550, -1.1075],\n        ...,\n        [ 0.7689, -0.5504, -0.2213,  ...,  0.2774,  0.0824,  0.1942],\n        [-0.2427, -0.8570, -0.2677,  ..., -0.6233,  0.2612, -1.2994],\n        [-0.1474,  0.1401,  0.0402,  ..., -0.0825,  0.3154,  0.0138]]), 'transformer.lora_unet_double_blocks_1_img_attn_proj.processor.proj_lora.up.weight': tensor([[ 0.0838,  1.9042, -1.3962,  ...,  0.3218,  1.5159,  0.1538],\n        [-0.5804, -0.0885, -0.0491,  ..., -0.5809,  2.7026,  0.0401],\n        [ 1.8250,  0.6500, -1.5349,  ..., -0.4365,  0.4522,  0.8709],\n        ...,\n        [-0.2360, -0.3424, -0.1971,  ..., -1.5322,  1.9766,  1.6717],\n        [ 0.1915,  0.6497, -0.7617,  ..., -1.1238,  1.9836, -2.2886],\n        [ 1.2503, -0.3505,  0.4028,  ..., -0.0587,  0.6045, -0.1240]]), ...}, {'transformer.lora_unet_double_blocks_0_img_attn_proj.processor.proj_lora.alpha': 8.0, 'transformer.lora_unet_double_blocks_1_img_attn_proj.processor.proj_lora.alpha': 8.0, 'transformer.lora_unet_double_blocks_2_img_attn_proj.processor.proj_lora.alpha': 8.0})
______ TestKohyaFluxLoRAConversion.test_convert_kohya_qkv_cat_conversion _______
/tests/tests/test_lora_conversion.py:137: in test_convert_kohya_qkv_cat_conversion
    assert "transformer.transformer_blocks.0.attn.to_q.lora_A.weight" in converted
E   AssertionError: assert 'transformer.transformer_blocks.0.attn.to_q.lora_A.weight' in ({'transformer.lora_unet_double_blocks_0_img_attn_qkv.processor.proj_lora.down.weight': tensor([[-0.6486,  0.7076,  0.2738,  ...,  0.3332,  0.2100,  0.2170],\n        [-0.0638, -0.3634,  0.4230,  ..., -0.0217, -0.6005,  0.0053],\n        [ 0.2670,  0.2027, -0.4757,  ..., -0.7290,  0.7773, -0.2973],\n        ...,\n        [-0.0841,  0.0350, -0.1921,  ...,  0.7406,  0.4749,  0.0177],\n        [-0.5615,  0.5208,  0.1838,  ..., -0.5742, -0.3189,  0.1622],\n        [ 0.1875,  0.2849, -0.1697,  ...,  0.2145,  0.5075,  0.0762]]), 'transformer.lora_unet_double_blocks_0_img_attn_qkv.processor.proj_lora.up.weight': tensor([[-0.6358, -0.8814, -0.2340,  ...,  0.4499,  0.1847, -1.5783],\n        [-0.8498, -0.9594,  1.7378,  ..., -0.1776, -0.1267, -0.9370],\n        [ 0.9099, -0.1793,  0.4651,  ...,  0.5563, -0.6277,  0.8235],\n        ...,\n        [ 0.0805,  1.4900,  0.2327,  ..., -1.0054,  0.3739,  0.1453],\n        [ 0.3213,  0.2232, -0.5868,  ...,  1.7205, -0.7775,  1.5363],\n        [-2.1973,  1.2870, -0.7246,  ..., -1.1183,  1.1489,  0.7472]])}, {'transformer.lora_unet_double_blocks_0_img_attn_qkv.processor.proj_lora.alpha': 8.0})
_____ TestKohyaFluxLoRAConversion.test_convert_kohya_double_blocks_img_mlp _____
/tests/tests/test_lora_conversion.py:162: in test_convert_kohya_double_blocks_img_mlp
    assert "transformer.transformer_blocks.0.ff.net.0.proj.lora_A.weight" in converted
E   AssertionError: assert 'transformer.transformer_blocks.0.ff.net.0.proj.lora_A.weight' in ({'transformer.lora_unet_double_blocks_0_img_mlp_0.processor.proj_lora.down.weight': tensor([[-0.2625,  0.2945, -0.0832,  ..., -0.5427,  0.3080, -0.1057],\n        [-0.1294,  0.4801, -0.0956,  ...,  0.2180, -0.2849,  0.0532],\n        [-0.1994, -0.1475,  0.0323,  ...,  0.1374,  0.3612, -0.3259],\n        ...,\n        [ 0.7606, -0.0300, -0.0047,  ...,  0.4129, -0.1725, -0.1975],\n        [ 0.1692, -0.2769,  0.2408,  ..., -0.2436, -0.1962,  0.4033],\n        [ 0.4082,  0.9114, -0.4136,  ...,  0.6084, -0.1493,  0.7187]]), 'transformer.lora_unet_double_blocks_0_img_mlp_0.processor.proj_lora.up.weight': tensor([[ 1.2365, -0.1389, -0.8445,  ...,  0.3405, -1.0711,  1.1757],\n        [-1.4025, -1.1966, -0.7290,  ..., -0.3323, -0.3398,  0.7681],\n        [-1.7910,  0.7920,  0.8595,  ...,  1.5299, -0.7011, -0.5483],\n        ...,\n        [-0.9592, -0.4978,  1.8332,  ...,  0.3773, -1.2436,  0.7498],\n        [ 0.0395, -0.0508, -0.0299,  ..., -0.0944, -0.0189, -1.7257],\n        [-0.2667,  1.0099, -0.8879,  ..., -1.0614,  0.4435,  0.8066]]), 'transformer.lora_unet_double_blocks_0_img_mlp_2.processor.proj_lora.down.weight': tensor([[-1.1034,  0.4547,  0.2535,  ..., -0.1345,  1.0361, -0.3171],\n        [-0.0943,  0.2557, -0.1281,  ...,  0.6532, -0.4930,  0.0422],\n        [ 0.3814, -0.1727,  0.3237,  ...,  0.0485, -0.2233, -0.4794],\n        ...,\n        [ 0.4773, -0.6478, -0.0133,  ..., -1.0197,  0.3384, -0.4546],\n        [-0.3896,  0.7827, -1.2301,  ..., -1.1305, -0.1720,  0.0183],\n        [-0.0767, -0.4044,  0.3284,  ..., -0.5541,  0.6273,  0.1645]]), 'transformer.lora_unet_double_blocks_0_img_mlp_2.processor.proj_lora.up.weight': tensor([[-0.4193,  0.7593,  0.0301,  ...,  0.2282, -0.9131,  0.7917],\n        [ 0.1612, -0.5249, -1.0102,  ..., -0.1185, -1.9703, -0.2763],\n        [ 0.2690,  2.0453, -1.5508,  ..., -1.0849,  2.2549,  0.4143],\n        ...,\n        [ 1.1561, -0.9980, -0.1675,  ...,  0.3225, -0.4256, -0.0930],\n        [-1.3456, -0.1981, -0.3264,  ..., -0.4882,  0.0029, -0.6850],\n        [-0.1328,  0.3410,  0.3397,  ...,  1.8203,  0.3069,  0.9155]])}, {'transformer.lora_unet_double_blocks_0_img_mlp_0.processor.proj_lora.alpha': 8.0, 'transformer.lora_unet_double_blocks_0_img_mlp_2.processor.proj_lora.alpha': 8.0})
_______ TestXLabsFluxLoRAConversion.test_convert_xlabs_basic_conversion ________
/tests/tests/test_lora_conversion.py:198: in test_convert_xlabs_basic_conversion
    assert "transformer.transformer_blocks.0.attn.to_out.0.lora_A.weight" in converted
E   AssertionError: assert 'transformer.transformer_blocks.0.attn.to_out.0.lora_A.weight' in {'transformer.diffusion_model.double_blocks.0.processor.proj_lora1.down.weight': tensor([[ 0.1591,  0.1791,  0.1436,  ...,  0.1761, -0.5161, -2.0902],\n        [-0.5039, -1.4765, -0.3673,  ...,  0.1972, -1.3113, -0.6635],\n        [ 1.9855, -0.2817, -0.3636,  ..., -0.5945, -1.0453,  0.1592],\n        ...,\n        [-1.0119,  2.6728, -1.7653,  ...,  0.9176,  0.7556,  0.9906],\n        [ 0.3544, -0.7685,  0.4833,  ..., -0.3009, -1.6641, -0.1009],\n        [ 0.3775,  0.0236, -1.2614,  ...,  0.0136, -1.4845, -2.0036]]), 'transformer.diffusion_model.double_blocks.0.processor.proj_lora1.up.weight': tensor([[ 0.0722,  2.4278,  0.4677,  ..., -1.7063, -0.3816, -0.3907],\n        [-1.8839, -1.2630, -0.9834,  ..., -0.7942, -0.6938, -0.4926],\n        [ 1.0536,  1.8435,  0.8343,  ...,  0.0068, -0.2400, -0.5922],\n        ...,\n        [ 0.0072,  2.2112, -0.1288,  ..., -0.4152, -1.1651,  1.5017],\n        [ 0.5290, -0.3395, -0.3276,  ...,  0.5734,  0.8578, -0.8969],\n        [ 1.0979, -0.5116,  0.0954,  ..., -0.3765,  0.1877,  0.2197]])}
_____ TestXLabsFluxLoRAConversion.test_convert_xlabs_qkv_lora2_conversion ______
/tests/tests/test_lora_conversion.py:216: in test_convert_xlabs_qkv_lora2_conversion
    assert "transformer.transformer_blocks.0.attn.to_q.lora_A.weight" in converted
E   AssertionError: assert 'transformer.transformer_blocks.0.attn.to_q.lora_A.weight' in {'transformer.diffusion_model.double_blocks.0.processor.qkv_lora2.down.weight': tensor([[ 1.7716, -0.2557, -0.2367,  ...,  0.4926,  1.7795, -0.0072],\n        [-0.6454,  0.1027, -1.0382,  ..., -0.6692, -0.1942, -0.6490],\n        [-0.3986,  0.7667, -0.3900,  ...,  0.9403, -0.2549,  1.4793],\n        ...,\n        [ 0.3650, -0.5751,  1.4416,  ..., -1.7497, -0.6654, -0.9640],\n        [ 0.3916,  0.2472,  1.1534,  ...,  0.3549,  0.7684, -0.0950],\n        [ 1.2763,  0.4346,  0.0113,  ...,  1.9534, -0.4010, -2.5731]]), 'transformer.diffusion_model.double_blocks.0.processor.qkv_lora2.up.weight': tensor([[ 0.5162,  1.4109,  0.6853,  ...,  0.5771, -0.2610, -0.5255],\n        [-0.3685, -1.0334,  0.1671,  ...,  0.2427,  1.4579, -0.2410],\n        [-0.1788,  0.2474,  2.1950,  ...,  0.3308, -0.2251, -0.8164],\n        ...,\n        [ 0.9608,  0.2968,  0.5076,  ..., -2.4719,  0.2661,  1.5778],\n        [-0.9011, -2.7433, -0.2533,  ...,  0.3630,  0.6481,  1.1268],\n        [ 1.3251,  0.2623, -0.4484,  ..., -0.0903,  0.1146, -0.2089]])}
=========================== short test summary info ============================
FAILED ../tests/tests/test_lora_conversion.py::TestKohyaFluxLoRAConversion::test_convert_kohya_basic_conversion
FAILED ../tests/tests/test_lora_conversion.py::TestKohyaFluxLoRAConversion::test_convert_kohya_alpha_scaling
FAILED ../tests/tests/test_lora_conversion.py::TestKohyaFluxLoRAConversion::test_convert_kohya_multiple_layers
FAILED ../tests/tests/test_lora_conversion.py::TestKohyaFluxLoRAConversion::test_convert_kohya_qkv_cat_conversion
FAILED ../tests/tests/test_lora_conversion.py::TestKohyaFluxLoRAConversion::test_convert_kohya_double_blocks_img_mlp
FAILED ../tests/tests/test_lora_conversion.py::TestXLabsFluxLoRAConversion::test_convert_xlabs_basic_conversion
FAILED ../tests/tests/test_lora_conversion.py::TestXLabsFluxLoRAConversion::test_convert_xlabs_qkv_lora2_conversion
========================= 7 failed, 7 passed in 3.54s ==========================
>>>>> End Test Output
OPENENV_EXIT_CODE=1
