>>>>> Start Test Output
=== RUN   TestIAMPolicy_NoOverlyBroadCognitoWildcard
--- PASS: TestIAMPolicy_NoOverlyBroadCognitoWildcard (0.00s)
=== RUN   TestIAMPolicy_CognitoIdpSpecificPermission
    iam_policy_test.go:91: 
        	Error Trace:	/tests/tests/iam_policy_test.go:91
        	Error:      	Should be true
        	Test:       	TestIAMPolicy_CognitoIdpSpecificPermission
        	Messages:   	Policy should contain 'cognito-idp:*' - this specific permission is required
--- FAIL: TestIAMPolicy_CognitoIdpSpecificPermission (0.00s)
=== RUN   TestIAMPolicy_EC2DescribeConsolidated
--- PASS: TestIAMPolicy_EC2DescribeConsolidated (0.00s)
=== RUN   TestIAMPolicy_EC2ModifyVpcWildcard
--- PASS: TestIAMPolicy_EC2ModifyVpcWildcard (0.00s)
=== RUN   TestIAMPolicy_RouteTablePermissions
--- PASS: TestIAMPolicy_RouteTablePermissions (0.00s)
=== RUN   TestIAMPolicy_NetworkACLPermissions
--- PASS: TestIAMPolicy_NetworkACLPermissions (0.00s)
=== RUN   TestIAMPolicy_FlowLogsPermissions
--- PASS: TestIAMPolicy_FlowLogsPermissions (0.00s)
=== RUN   TestIAMPolicy_NoDuplicateDescribeVpcEndpointActions
    iam_policy_test.go:163: 
        	Error Trace:	/tests/tests/iam_policy_test.go:163
        	Error:      	Should be false
        	Test:       	TestIAMPolicy_NoDuplicateDescribeVpcEndpointActions
        	Messages:   	Policy should not have individual 'ec2:DescribeVpcEndpointServiceConfigurations' - covered by ec2:Describe*
    iam_policy_test.go:165: 
        	Error Trace:	/tests/tests/iam_policy_test.go:165
        	Error:      	Should be false
        	Test:       	TestIAMPolicy_NoDuplicateDescribeVpcEndpointActions
        	Messages:   	Policy should not have individual 'ec2:DescribeVpcEndpointServicePermissions' - covered by ec2:Describe*
--- FAIL: TestIAMPolicy_NoDuplicateDescribeVpcEndpointActions (0.00s)
=== RUN   TestIAMPolicy_NoIndividualModifyVpcActions
    iam_policy_test.go:177: 
        	Error Trace:	/tests/tests/iam_policy_test.go:177
        	Error:      	Should be false
        	Test:       	TestIAMPolicy_NoIndividualModifyVpcActions
        	Messages:   	Policy should not have individual 'ec2:ModifyVpcEndpointServiceConfiguration' - covered by ec2:ModifyVpc*
    iam_policy_test.go:179: 
        	Error Trace:	/tests/tests/iam_policy_test.go:179
        	Error:      	Should be false
        	Test:       	TestIAMPolicy_NoIndividualModifyVpcActions
        	Messages:   	Policy should not have individual 'ec2:ModifyVpcEndpointServicePermissions' - covered by ec2:ModifyVpc*
--- FAIL: TestIAMPolicy_NoIndividualModifyVpcActions (0.00s)
=== RUN   TestIAMPolicy_StructureValid
--- PASS: TestIAMPolicy_StructureValid (0.00s)
=== RUN   TestIAMPolicy_ExpectedActionCount
--- PASS: TestIAMPolicy_ExpectedActionCount (0.00s)
FAIL
FAIL	test	0.005s
FAIL
>>>>> End Test Output
OPENENV_EXIT_CODE=1
