>>>>> Start Test Output
============================= test session starts ==============================
platform linux -- Python 3.11.15, pytest-7.4.4, pluggy-1.6.0 -- /opt/benchmark/venv/bin/python3
cachedir: .pytest_cache
rootdir: /workspace/apis/python
plugins: nbmake-1.5.5, zarr-3.1.5, xdist-3.8.0
collecting ... collected 10 items / 8 deselected / 2 selected

test/test_distance_metrics.py::test_cosine_distance PASSED
test/test_distance_metrics.py::test_inner_product_distances FAILED

=================================== FAILURES ===================================
_________________________ test_inner_product_distances _________________________
test/test_distance_metrics.py:67: in test_inner_product_distances
    assert np.allclose(
E   AssertionError: Inner product distances do not match
E   assert False
E    +  where False = <function allclose at 0x7f16bb68fd70>(array([220171., 219547., 218616., 217767., 217655.], dtype=float32), array([-4.5419242e-06, -4.5548331e-06, -4.5742304e-06, -4.5920642e-06,\n       -4.5944271e-06], dtype=float32), 0.0001)
E    +    where <function allclose at 0x7f16bb68fd70> = np.allclose
=============================== warnings summary ===============================
../../../opt/benchmark/venv/lib/python3.11/site-packages/tiledb/vector_search/ivf_pq_index.py:180
  /opt/benchmark/venv/lib/python3.11/site-packages/tiledb/vector_search/ivf_pq_index.py:180: SyntaxWarning: "is not" with a literal. Did you mean "!="?
    n_list=partitions if (partitions is not None and partitions is not -1) else 0,

-- Docs: https://docs.pytest.org/en/stable/how-to/capture-warnings.html
=========================== short test summary info ============================
FAILED test/test_distance_metrics.py::test_inner_product_distances - Assertio...
!!!!!!!!!!!!!!!!!!!!!!!!!! stopping after 1 failures !!!!!!!!!!!!!!!!!!!!!!!!!!!
============= 1 failed, 1 passed, 8 deselected, 1 warning in 8.07s =============
>>>>> End Test Output
OPENENV_EXIT_CODE=1
