/tests/eval.sh: line 15: /root/.cargo/env: No such file or directory
>>>>> Start Test Output
 Downloading crates ...
  Downloaded futures-macro v0.3.32
  Downloaded rustc_version v0.4.1
  Downloaded futures-sink v0.3.32
  Downloaded futures-io v0.3.32
  Downloaded cfg-if v1.0.4
  Downloaded futures-core v0.3.32
  Downloaded futures-timer v3.0.4
  Downloaded relative-path v1.9.3
  Downloaded futures-executor v0.3.32
  Downloaded futures-task v0.3.32
  Downloaded futures-channel v0.3.32
  Downloaded glob v0.3.3
  Downloaded slab v0.4.12
  Downloaded rstest v0.18.2
  Downloaded semver v1.0.28
  Downloaded pin-project-lite v0.2.17
  Downloaded quote v1.0.46
  Downloaded futures v0.3.32
  Downloaded proc-macro2 v1.0.106
  Downloaded unicode-ident v1.0.24
  Downloaded rstest_macros v0.18.2
  Downloaded memchr v2.8.2
  Downloaded aho-corasick v1.1.4
  Downloaded regex v1.12.4
  Downloaded futures-util v0.3.32
  Downloaded syn v2.0.118
  Downloaded regex-syntax v0.8.11
  Downloaded regex-automata v0.4.14
   Compiling proc-macro2 v1.0.106
   Compiling unicode-ident v1.0.24
   Compiling quote v1.0.46
   Compiling syn v2.0.118
   Compiling semver v1.0.28
   Compiling memchr v2.8.2
   Compiling futures-core v0.3.32
   Compiling futures-sink v0.3.32
   Compiling futures-channel v0.3.32
   Compiling aho-corasick v1.1.4
   Compiling rustc_version v0.4.1
   Compiling futures-macro v0.3.32
   Compiling futures-task v0.3.32
   Compiling regex-syntax v0.8.11
   Compiling futures-io v0.3.32
   Compiling slab v0.4.12
   Compiling pin-project-lite v0.2.17
   Compiling futures-util v0.3.32
   Compiling regex-automata v0.4.14
   Compiling rstest_macros v0.18.2
   Compiling regex v1.12.4
   Compiling futures-executor v0.3.32
   Compiling glob v0.3.3
   Compiling cfg-if v1.0.4
   Compiling relative-path v1.9.3
   Compiling futures v0.3.32
   Compiling futures-timer v3.0.4
   Compiling rstest v0.18.2
   Compiling se-skip-certs-tests v0.1.0 (/tests/tests)
    Finished `test` profile [unoptimized + debuginfo] target(s) in 15.79s
     Running test_se_skip_certs.rs (/tests/tests/target/debug/deps/test_se_skip_certs-aed6c3d31f070dc7)

running 4 tests
test test_certificate_verification_uses_skip_certs_unconditionally ... ok
test test_fix_pattern_matches_expected_structure ... ok
test test_no_cfg_not_debug_assertions_in_verification ... ok
test test_se_skip_certs_verification_is_unconditional ... ok

test result: ok. 4 passed; 0 failed; 0 ignored; 0 measured; 0 filtered out; finished in 0.00s

>>>>> End Test Output
OPENENV_EXIT_CODE=0
