>>>>> Start Test Output
============================= test session starts ==============================
platform linux -- Python 3.11.15, pytest-9.1.1, pluggy-1.6.0 -- /opt/benchmark/venv/bin/python
cachedir: .pytest_cache
rootdir: /tests/tests
plugins: anyio-4.14.0
collecting ... collected 16 items

../tests/tests/test_marlin_utils.py::TestMarlinUtilsInterface::test_convert_to_marlin_exists FAILED [  6%]
../tests/tests/test_marlin_utils.py::TestMarlinUtilsInterface::test_get_cached_marlin_save_name_local_path FAILED [ 12%]
../tests/tests/test_marlin_utils.py::TestMarlinUtilsInterface::test_get_cached_marlin_save_name_returns_assets_path FAILED [ 18%]
../tests/tests/test_marlin_utils.py::TestMarlinUtilsInterface::test_marlin_utils_module_exists FAILED [ 25%]
../tests/tests/test_marlin_utils.py::TestMarlinUtilsInterface::test_prepare_model_for_marlin_load_exists FAILED [ 31%]
../tests/tests/test_marlin_utils.py::TestMarlinUtilsInterface::test_validate_marlin_compatibility_asymmetric FAILED [ 37%]
../tests/tests/test_marlin_utils.py::TestMarlinUtilsInterface::test_validate_marlin_compatibility_desc_act FAILED [ 43%]
../tests/tests/test_marlin_utils.py::TestMarlinUtilsInterface::test_validate_marlin_compatibility_invalid_bits FAILED [ 50%]
../tests/tests/test_marlin_utils.py::TestMarlinUtilsInterface::test_validate_marlin_compatibility_invalid_group_size FAILED [ 56%]
../tests/tests/test_marlin_utils.py::TestMarlinUtilsInterface::test_validate_marlin_compatibility_valid_config FAILED [ 62%]
../tests/tests/test_marlin_utils.py::TestMarlinUtilsInterface::test_validate_marlin_device_support_exists FAILED [ 68%]
../tests/tests/test_marlin_utils.py::TestBaseQuantizeConfigMarlinField::test_is_marlin_format_can_be_set PASSED [ 75%]
../tests/tests/test_marlin_utils.py::TestBaseQuantizeConfigMarlinField::test_is_marlin_format_default_value PASSED [ 81%]
../tests/tests/test_marlin_utils.py::TestBaseQuantizeConfigMarlinField::test_is_marlin_format_field_exists PASSED [ 87%]
../tests/tests/test_marlin_utils.py::TestBaseQuantizeConfigMarlinField::test_to_dict_includes_is_marlin_format PASSED [ 93%]
../tests/tests/test_marlin_utils.py::TestMarlinImportInBase::test_marlin_imports_in_base PASSED [100%]

=================================== FAILURES ===================================
____________ TestMarlinUtilsInterface.test_convert_to_marlin_exists ____________

self = <test_marlin_utils.TestMarlinUtilsInterface testMethod=test_convert_to_marlin_exists>

    def test_convert_to_marlin_exists(self):
        """Test convert_to_marlin function exists with correct signature."""
>       from auto_gptq.utils.marlin_utils import convert_to_marlin
E       ImportError: cannot import name 'convert_to_marlin' from 'auto_gptq.utils.marlin_utils' (/workspace/auto_gptq/utils/marlin_utils.py)

/tests/tests/test_marlin_utils.py:165: ImportError
------------------------------ Captured log call -------------------------------
WARNING  auto_gptq.nn_modules.qlinear.qlinear_cuda:qlinear_cuda.py:16 CUDA extension not installed.
WARNING  auto_gptq.nn_modules.qlinear.qlinear_cuda_old:qlinear_cuda_old.py:15 CUDA extension not installed.
_____ TestMarlinUtilsInterface.test_get_cached_marlin_save_name_local_path _____

self = <test_marlin_utils.TestMarlinUtilsInterface testMethod=test_get_cached_marlin_save_name_local_path>

    def test_get_cached_marlin_save_name_local_path(self):
        """Test _get_cached_marlin_save_name returns local path for local directories."""
        from auto_gptq.utils.marlin_utils import _get_cached_marlin_save_name
    
        # Test with a local path
        with tempfile.TemporaryDirectory() as tmpdir:
            path = _get_cached_marlin_save_name(tmpdir)
            expected = os.path.join(tmpdir, "autogptq_model.safetensors")
>           self.assertEqual(path, expected)
E           AssertionError: '/tmp/tmpgavmsg1h/assets/marlin_model.safetensors' != '/tmp/tmpgavmsg1h/autogptq_model.safetensors'
E           - /tmp/tmpgavmsg1h/assets/marlin_model.safetensors
E           ?                   ^^^ ^^^^^^^^
E           + /tmp/tmpgavmsg1h/autogptq_model.safetensors
E           ?                   ^ ^^^^^

/tests/tests/test_marlin_utils.py:56: AssertionError
_ TestMarlinUtilsInterface.test_get_cached_marlin_save_name_returns_assets_path _

self = <test_marlin_utils.TestMarlinUtilsInterface testMethod=test_get_cached_marlin_save_name_returns_assets_path>

    def test_get_cached_marlin_save_name_returns_assets_path(self):
        """Test _get_cached_marlin_save_name returns path containing 'assets' for remote models."""
        from auto_gptq.utils.marlin_utils import _get_cached_marlin_save_name
    
        # Test with a remote model ID (should contain 'assets')
        model_id = "test-org/test-model"
        path = _get_cached_marlin_save_name(model_id)
    
        # The path should contain 'assets' for remote models
        self.assertIn("assets", path)
>       self.assertTrue(path.endswith("autogptq_model.safetensors"))
E       AssertionError: False is not true

/tests/tests/test_marlin_utils.py:46: AssertionError
___________ TestMarlinUtilsInterface.test_marlin_utils_module_exists ___________

self = <test_marlin_utils.TestMarlinUtilsInterface testMethod=test_marlin_utils_module_exists>

    def test_marlin_utils_module_exists(self):
        """Test that the marlin_utils module can be imported."""
>       from auto_gptq.utils.marlin_utils import (
            prepare_model_for_marlin_load,
            _validate_marlin_compatibility,
            _validate_marlin_device_support,
            _get_cached_marlin_save_name,
            convert_to_marlin,
        )
E       ImportError: cannot import name 'prepare_model_for_marlin_load' from 'auto_gptq.utils.marlin_utils' (/workspace/auto_gptq/utils/marlin_utils.py)

/tests/tests/test_marlin_utils.py:28: ImportError
______ TestMarlinUtilsInterface.test_prepare_model_for_marlin_load_exists ______

self = <test_marlin_utils.TestMarlinUtilsInterface testMethod=test_prepare_model_for_marlin_load_exists>

    def test_prepare_model_for_marlin_load_exists(self):
        """Test prepare_model_for_marlin_load function exists with correct signature."""
>       from auto_gptq.utils.marlin_utils import prepare_model_for_marlin_load
E       ImportError: cannot import name 'prepare_model_for_marlin_load' from 'auto_gptq.utils.marlin_utils' (/workspace/auto_gptq/utils/marlin_utils.py)

/tests/tests/test_marlin_utils.py:145: ImportError
____ TestMarlinUtilsInterface.test_validate_marlin_compatibility_asymmetric ____

self = <test_marlin_utils.TestMarlinUtilsInterface testMethod=test_validate_marlin_compatibility_asymmetric>

    def test_validate_marlin_compatibility_asymmetric(self):
        """Test _validate_marlin_compatibility rejects asymmetric quantization."""
>       from auto_gptq.utils.marlin_utils import _validate_marlin_compatibility
E       ImportError: cannot import name '_validate_marlin_compatibility' from 'auto_gptq.utils.marlin_utils' (/workspace/auto_gptq/utils/marlin_utils.py)

/tests/tests/test_marlin_utils.py:102: ImportError
_____ TestMarlinUtilsInterface.test_validate_marlin_compatibility_desc_act _____

self = <test_marlin_utils.TestMarlinUtilsInterface testMethod=test_validate_marlin_compatibility_desc_act>

    def test_validate_marlin_compatibility_desc_act(self):
        """Test _validate_marlin_compatibility rejects desc_act."""
>       from auto_gptq.utils.marlin_utils import _validate_marlin_compatibility
E       ImportError: cannot import name '_validate_marlin_compatibility' from 'auto_gptq.utils.marlin_utils' (/workspace/auto_gptq/utils/marlin_utils.py)

/tests/tests/test_marlin_utils.py:116: ImportError
___ TestMarlinUtilsInterface.test_validate_marlin_compatibility_invalid_bits ___

self = <test_marlin_utils.TestMarlinUtilsInterface testMethod=test_validate_marlin_compatibility_invalid_bits>

    def test_validate_marlin_compatibility_invalid_bits(self):
        """Test _validate_marlin_compatibility rejects invalid bits."""
>       from auto_gptq.utils.marlin_utils import _validate_marlin_compatibility
E       ImportError: cannot import name '_validate_marlin_compatibility' from 'auto_gptq.utils.marlin_utils' (/workspace/auto_gptq/utils/marlin_utils.py)

/tests/tests/test_marlin_utils.py:74: ImportError
_ TestMarlinUtilsInterface.test_validate_marlin_compatibility_invalid_group_size _

self = <test_marlin_utils.TestMarlinUtilsInterface testMethod=test_validate_marlin_compatibility_invalid_group_size>

    def test_validate_marlin_compatibility_invalid_group_size(self):
        """Test _validate_marlin_compatibility rejects invalid group_size."""
>       from auto_gptq.utils.marlin_utils import _validate_marlin_compatibility
E       ImportError: cannot import name '_validate_marlin_compatibility' from 'auto_gptq.utils.marlin_utils' (/workspace/auto_gptq/utils/marlin_utils.py)

/tests/tests/test_marlin_utils.py:88: ImportError
___ TestMarlinUtilsInterface.test_validate_marlin_compatibility_valid_config ___

self = <test_marlin_utils.TestMarlinUtilsInterface testMethod=test_validate_marlin_compatibility_valid_config>

    def test_validate_marlin_compatibility_valid_config(self):
        """Test _validate_marlin_compatibility returns None for valid config."""
>       from auto_gptq.utils.marlin_utils import _validate_marlin_compatibility
E       ImportError: cannot import name '_validate_marlin_compatibility' from 'auto_gptq.utils.marlin_utils' (/workspace/auto_gptq/utils/marlin_utils.py)

/tests/tests/test_marlin_utils.py:60: ImportError
_____ TestMarlinUtilsInterface.test_validate_marlin_device_support_exists ______

self = <test_marlin_utils.TestMarlinUtilsInterface testMethod=test_validate_marlin_device_support_exists>

    def test_validate_marlin_device_support_exists(self):
        """Test _validate_marlin_device_support function exists."""
>       from auto_gptq.utils.marlin_utils import _validate_marlin_device_support
E       ImportError: cannot import name '_validate_marlin_device_support' from 'auto_gptq.utils.marlin_utils' (/workspace/auto_gptq/utils/marlin_utils.py)

/tests/tests/test_marlin_utils.py:130: ImportError
=========================== short test summary info ============================
FAILED ../tests/tests/test_marlin_utils.py::TestMarlinUtilsInterface::test_convert_to_marlin_exists
FAILED ../tests/tests/test_marlin_utils.py::TestMarlinUtilsInterface::test_get_cached_marlin_save_name_local_path
FAILED ../tests/tests/test_marlin_utils.py::TestMarlinUtilsInterface::test_get_cached_marlin_save_name_returns_assets_path
FAILED ../tests/tests/test_marlin_utils.py::TestMarlinUtilsInterface::test_marlin_utils_module_exists
FAILED ../tests/tests/test_marlin_utils.py::TestMarlinUtilsInterface::test_prepare_model_for_marlin_load_exists
FAILED ../tests/tests/test_marlin_utils.py::TestMarlinUtilsInterface::test_validate_marlin_compatibility_asymmetric
FAILED ../tests/tests/test_marlin_utils.py::TestMarlinUtilsInterface::test_validate_marlin_compatibility_desc_act
FAILED ../tests/tests/test_marlin_utils.py::TestMarlinUtilsInterface::test_validate_marlin_compatibility_invalid_bits
FAILED ../tests/tests/test_marlin_utils.py::TestMarlinUtilsInterface::test_validate_marlin_compatibility_invalid_group_size
FAILED ../tests/tests/test_marlin_utils.py::TestMarlinUtilsInterface::test_validate_marlin_compatibility_valid_config
FAILED ../tests/tests/test_marlin_utils.py::TestMarlinUtilsInterface::test_validate_marlin_device_support_exists
========================= 11 failed, 5 passed in 2.83s =========================
>>>>> End Test Output
OPENENV_EXIT_CODE=1
